<?xml version="1.1" encoding="UTF-8" standalone="no"?>
<databaseChangeLog xmlns="http://www.liquibase.org/xml/ns/dbchangelog" xmlns:ext="http://www.liquibase.org/xml/ns/dbchangelog-ext" xmlns:xsi="http://www.w3.org/2001/XMLSchema-instance" xsi:schemaLocation="http://www.liquibase.org/xml/ns/dbchangelog-ext http://www.liquibase.org/xml/ns/dbchangelog/dbchangelog-ext.xsd http://www.liquibase.org/xml/ns/dbchangelog http://www.liquibase.org/xml/ns/dbchangelog/dbchangelog-latest.xsd">
    <changeSet author="IS Designer" id="test0">
        <comment>Sequence Sequence1 : A comment on that 'sequence'</comment>
        <createSequence cacheSize="32" cycle="false" incrementBy="2" maxValue="1016" minValue="16" schemaName="STOREBOOK" sequenceName="Sequence1" startValue="16"/>
    </changeSet>
</databaseChangeLog>
