<?xml version="1.1" encoding="UTF-8" standalone="no"?>
<databaseChangeLog xmlns="http://www.liquibase.org/xml/ns/dbchangelog" xmlns:ext="http://www.liquibase.org/xml/ns/dbchangelog-ext" xmlns:xsi="http://www.w3.org/2001/XMLSchema-instance" xsi:schemaLocation="http://www.liquibase.org/xml/ns/dbchangelog-ext http://www.liquibase.org/xml/ns/dbchangelog/dbchangelog-ext.xsd http://www.liquibase.org/xml/ns/dbchangelog http://www.liquibase.org/xml/ns/dbchangelog/dbchangelog-latest.xsd">
    <changeSet author="IS Designer" id="test0">
        <comment>Updating view : View[TRANSIENT]</comment>
        <dropView schemaName="STOREBOOK" viewName="ValueView"/>
        <createView remarks="A comment a 'table'." replaceIfExists="true" schemaName="STOREBOOK" viewName="ValueView">select price from Table1;</createView>
    </changeSet>
    <changeSet author="IS Designer" id="test1">
        <comment>Updating view : View[TRANSIENT]</comment>
        <dropView schemaName="STOREBOOK" viewName="ValueView2"/>
        <createView replaceIfExists="true" schemaName="STOREBOOK" viewName="ValueView3">select price from Table1;</createView>
    </changeSet>
</databaseChangeLog>
