<?xml version="1.1" encoding="UTF-8" standalone="no"?>
<databaseChangeLog xmlns="http://www.liquibase.org/xml/ns/dbchangelog" xmlns:ext="http://www.liquibase.org/xml/ns/dbchangelog-ext" xmlns:xsi="http://www.w3.org/2001/XMLSchema-instance" xsi:schemaLocation="http://www.liquibase.org/xml/ns/dbchangelog-ext http://www.liquibase.org/xml/ns/dbchangelog/dbchangelog-ext.xsd http://www.liquibase.org/xml/ns/dbchangelog http://www.liquibase.org/xml/ns/dbchangelog/dbchangelog-latest.xsd">
    <changeSet author="IS Designer" id="test0">
        <comment>Drop Table : Table3</comment>
        <dropTable cascadeConstraints="true" schemaName="STOREBOOK" tableName="Table3"/>
    </changeSet>
    <changeSet author="IS Designer" id="test1">
        <comment>Dropping sequence :Sequence2</comment>
        <dropSequence schemaName="STOREBOOK" sequenceName="Sequence2"/>
    </changeSet>
</databaseChangeLog>