<?xml version="1.1" encoding="UTF-8" standalone="no"?>
<databaseChangeLog xmlns="http://www.liquibase.org/xml/ns/dbchangelog" xmlns:ext="http://www.liquibase.org/xml/ns/dbchangelog-ext" xmlns:xsi="http://www.w3.org/2001/XMLSchema-instance" xsi:schemaLocation="http://www.liquibase.org/xml/ns/dbchangelog-ext http://www.liquibase.org/xml/ns/dbchangelog/dbchangelog-ext.xsd http://www.liquibase.org/xml/ns/dbchangelog http://www.liquibase.org/xml/ns/dbchangelog/dbchangelog-latest.xsd">
    <changeSet author="IS Designer" id="test0">
        <comment>Adding column column2</comment>
        <addColumn schemaName="STOREBOOK" tableName="Table4">
            <column name="column2" type="int()">
                <constraints nullable="false"/>
            </column>
        </addColumn>
    </changeSet>
    <changeSet author="IS Designer" id="test1">
        <comment>Adding primary key on column2,column1 in Table4</comment>
        <addPrimaryKey columnNames="column2,column1" constraintName="Table4_PK" schemaName="STOREBOOK" tableName="Table4"/>
    </changeSet>
</databaseChangeLog>
