<?xml version="1.1" encoding="UTF-8" standalone="no"?>
<databaseChangeLog xmlns="http://www.liquibase.org/xml/ns/dbchangelog" xmlns:ext="http://www.liquibase.org/xml/ns/dbchangelog-ext" xmlns:xsi="http://www.w3.org/2001/XMLSchema-instance" xsi:schemaLocation="http://www.liquibase.org/xml/ns/dbchangelog-ext http://www.liquibase.org/xml/ns/dbchangelog/dbchangelog-ext.xsd http://www.liquibase.org/xml/ns/dbchangelog http://www.liquibase.org/xml/ns/dbchangelog/dbchangelog-latest.xsd">
    <changeSet author="IS Designer" id="test0">
        <comment>Create table Table3</comment>
        <createTable schemaName="STOREBOOK" tableName="Table3">
            <column name="column1" type="int()">
                <constraints nullable="false" primaryKey="true" primaryKeyName="Table3_PK"/>
            </column>
            <column name="column2" type="int()">
                <constraints nullable="false" primaryKey="true" primaryKeyName="Table3_PK"/>
            </column>
        </createTable>
    </changeSet>
</databaseChangeLog>
